Archive member included to satisfy reference by file (symbol)

C:/ST/STM32CubeCLT_1.15.0/GNU-tools-for-STM32/bin/../lib/gcc/arm-none-eabi/12.3.1/../../../../arm-none-eabi/lib/thumb/v7e-m+fp/hard\libc_nano.a(libc_a-exit.o)
                              C:/ST/STM32CubeCLT_1.15.0/GNU-tools-for-STM32/bin/../lib/gcc/arm-none-eabi/12.3.1/../../../../arm-none-eabi/lib/thumb/v7e-m+fp/hard/crt0.o (exit)
C:/ST/STM32CubeCLT_1.15.0/GNU-tools-for-STM32/bin/../lib/gcc/arm-none-eabi/12.3.1/../../../../arm-none-eabi/lib/thumb/v7e-m+fp/hard\libc_nano.a(libc_a-findfp.o)
                              C:/ST/STM32CubeCLT_1.15.0/GNU-tools-for-STM32/bin/../lib/gcc/arm-none-eabi/12.3.1/../../../../arm-none-eabi/lib/thumb/v7e-m+fp/hard\libc_nano.a(libc_a-exit.o) (__stdio_exit_handler)
C:/ST/STM32CubeCLT_1.15.0/GNU-tools-for-STM32/bin/../lib/gcc/arm-none-eabi/12.3.1/../../../../arm-none-eabi/lib/thumb/v7e-m+fp/hard\libc_nano.a(libc_a-fwalk.o)
                              C:/ST/STM32CubeCLT_1.15.0/GNU-tools-for-STM32/bin/../lib/gcc/arm-none-eabi/12.3.1/../../../../arm-none-eabi/lib/thumb/v7e-m+fp/hard\libc_nano.a(libc_a-findfp.o) (_fwalk_sglue)
C:/ST/STM32CubeCLT_1.15.0/GNU-tools-for-STM32/bin/../lib/gcc/arm-none-eabi/12.3.1/../../../../arm-none-eabi/lib/thumb/v7e-m+fp/hard\libc_nano.a(libc_a-stdio.o)
                              C:/ST/STM32CubeCLT_1.15.0/GNU-tools-for-STM32/bin/../lib/gcc/arm-none-eabi/12.3.1/../../../../arm-none-eabi/lib/thumb/v7e-m+fp/hard\libc_nano.a(libc_a-findfp.o) (__sread)
C:/ST/STM32CubeCLT_1.15.0/GNU-tools-for-STM32/bin/../lib/gcc/arm-none-eabi/12.3.1/../../../../arm-none-eabi/lib/thumb/v7e-m+fp/hard\libc_nano.a(libc_a-memset.o)
                              C:/ST/STM32CubeCLT_1.15.0/GNU-tools-for-STM32/bin/../lib/gcc/arm-none-eabi/12.3.1/../../../../arm-none-eabi/lib/thumb/v7e-m+fp/hard/crt0.o (memset)
C:/ST/STM32CubeCLT_1.15.0/GNU-tools-for-STM32/bin/../lib/gcc/arm-none-eabi/12.3.1/../../../../arm-none-eabi/lib/thumb/v7e-m+fp/hard\libc_nano.a(libc_a-closer.o)
                              C:/ST/STM32CubeCLT_1.15.0/GNU-tools-for-STM32/bin/../lib/gcc/arm-none-eabi/12.3.1/../../../../arm-none-eabi/lib/thumb/v7e-m+fp/hard\libc_nano.a(libc_a-stdio.o) (_close_r)
C:/ST/STM32CubeCLT_1.15.0/GNU-tools-for-STM32/bin/../lib/gcc/arm-none-eabi/12.3.1/../../../../arm-none-eabi/lib/thumb/v7e-m+fp/hard\libc_nano.a(libc_a-reent.o)
                              C:/ST/STM32CubeCLT_1.15.0/GNU-tools-for-STM32/bin/../lib/gcc/arm-none-eabi/12.3.1/../../../../arm-none-eabi/lib/thumb/v7e-m+fp/hard\libc_nano.a(libc_a-closer.o) (errno)
C:/ST/STM32CubeCLT_1.15.0/GNU-tools-for-STM32/bin/../lib/gcc/arm-none-eabi/12.3.1/../../../../arm-none-eabi/lib/thumb/v7e-m+fp/hard\libc_nano.a(libc_a-impure.o)
                              C:/ST/STM32CubeCLT_1.15.0/GNU-tools-for-STM32/bin/../lib/gcc/arm-none-eabi/12.3.1/../../../../arm-none-eabi/lib/thumb/v7e-m+fp/hard\libc_nano.a(libc_a-reent.o) (_impure_ptr)
C:/ST/STM32CubeCLT_1.15.0/GNU-tools-for-STM32/bin/../lib/gcc/arm-none-eabi/12.3.1/../../../../arm-none-eabi/lib/thumb/v7e-m+fp/hard\libc_nano.a(libc_a-lseekr.o)
                              C:/ST/STM32CubeCLT_1.15.0/GNU-tools-for-STM32/bin/../lib/gcc/arm-none-eabi/12.3.1/../../../../arm-none-eabi/lib/thumb/v7e-m+fp/hard\libc_nano.a(libc_a-stdio.o) (_lseek_r)
C:/ST/STM32CubeCLT_1.15.0/GNU-tools-for-STM32/bin/../lib/gcc/arm-none-eabi/12.3.1/../../../../arm-none-eabi/lib/thumb/v7e-m+fp/hard\libc_nano.a(libc_a-readr.o)
                              C:/ST/STM32CubeCLT_1.15.0/GNU-tools-for-STM32/bin/../lib/gcc/arm-none-eabi/12.3.1/../../../../arm-none-eabi/lib/thumb/v7e-m+fp/hard\libc_nano.a(libc_a-stdio.o) (_read_r)
C:/ST/STM32CubeCLT_1.15.0/GNU-tools-for-STM32/bin/../lib/gcc/arm-none-eabi/12.3.1/../../../../arm-none-eabi/lib/thumb/v7e-m+fp/hard\libc_nano.a(libc_a-writer.o)
                              C:/ST/STM32CubeCLT_1.15.0/GNU-tools-for-STM32/bin/../lib/gcc/arm-none-eabi/12.3.1/../../../../arm-none-eabi/lib/thumb/v7e-m+fp/hard\libc_nano.a(libc_a-stdio.o) (_write_r)
C:/ST/STM32CubeCLT_1.15.0/GNU-tools-for-STM32/bin/../lib/gcc/arm-none-eabi/12.3.1/../../../../arm-none-eabi/lib/thumb/v7e-m+fp/hard\libc_nano.a(libc_a-init.o)
                              C:/ST/STM32CubeCLT_1.15.0/GNU-tools-for-STM32/bin/../lib/gcc/arm-none-eabi/12.3.1/../../../../arm-none-eabi/lib/thumb/v7e-m+fp/hard/crt0.o (__libc_init_array)
C:/ST/STM32CubeCLT_1.15.0/GNU-tools-for-STM32/bin/../lib/gcc/arm-none-eabi/12.3.1/../../../../arm-none-eabi/lib/thumb/v7e-m+fp/hard\libc_nano.a(libc_a-lock.o)
                              C:/ST/STM32CubeCLT_1.15.0/GNU-tools-for-STM32/bin/../lib/gcc/arm-none-eabi/12.3.1/../../../../arm-none-eabi/lib/thumb/v7e-m+fp/hard\libc_nano.a(libc_a-findfp.o) (__retarget_lock_init_recursive)
C:/ST/STM32CubeCLT_1.15.0/GNU-tools-for-STM32/bin/../lib/gcc/arm-none-eabi/12.3.1/../../../../arm-none-eabi/lib/thumb/v7e-m+fp/hard\libc_nano.a(libc_a-freer.o)
[...]
Memory Configuration

Name             Origin             Length             Attributes
RAM              0x20000000         0x00020000         xrw
FLASH            0x08000000         0x00080000         xr
*default*        0x00000000         0xffffffff

Linker script and memory map

LOAD C:/ST/STM32CubeCLT_1.15.0/GNU-tools-for-STM32/bin/../lib/gcc/arm-none-eabi/12.3.1/thumb/v7e-m+fp/hard/crti.o
LOAD C:/ST/STM32CubeCLT_1.15.0/GNU-tools-for-STM32/bin/../lib/gcc/arm-none-eabi/12.3.1/thumb/v7e-m+fp/hard/crtbegin.o
LOAD C:/ST/STM32CubeCLT_1.15.0/GNU-tools-for-STM32/bin/../lib/gcc/arm-none-eabi/12.3.1/../../../../arm-none-eabi/lib/thumb/v7e-m+fp/hard/crt0.o
START GROUP
LOAD C:/ST/STM32CubeCLT_1.15.0/GNU-tools-for-STM32/bin/../lib/gcc/arm-none-eabi/12.3.1/../../../../arm-none-eabi/lib/thumb/v7e-m+fp/hard\libc_nano.a
LOAD C:/ST/STM32CubeCLT_1.15.0/GNU-tools-for-STM32/bin/../lib/gcc/arm-none-eabi/12.3.1/../../../../arm-none-eabi/lib/thumb/v7e-m+fp/hard\libm.a
END GROUP
LOAD CMakeFiles/Laser_Light_Cue.dir/Core/Src/main.c.obj
LOAD CMakeFiles/Laser_Light_Cue.dir/Core/Src/ICM20948.c.obj
LOAD CMakeFiles/Laser_Light_Cue.dir/Core/Src/stm32f4xx_it.c.obj
LOAD CMakeFiles/Laser_Light_Cue.dir/Core/Src/stm32f4xx_hal_msp.c.obj
LOAD CMakeFiles/Laser_Light_Cue.dir/Drivers/STM32F4xx_HAL_Driver/Src/stm32f4xx_hal_spi.c.obj
LOAD CMakeFiles/Laser_Light_Cue.dir/Drivers/STM32F4xx_HAL_Driver/Src/stm32f4xx_hal_rcc.c.obj
LOAD CMakeFiles/Laser_Light_Cue.dir/Drivers/STM32F4xx_HAL_Driver/Src/stm32f4xx_hal_rcc_ex.c.obj
LOAD CMakeFiles/Laser_Light_Cue.dir/Drivers/STM32F4xx_HAL_Driver/Src/stm32f4xx_hal_flash.c.obj
LOAD CMakeFiles/Laser_Light_Cue.dir/Drivers/STM32F4xx_HAL_Driver/Src/stm32f4xx_hal_flash_ex.c.obj
LOAD CMakeFiles/Laser_Light_Cue.dir/Drivers/STM32F4xx_HAL_Driver/Src/stm32f4xx_hal_flash_ramfunc.c.obj
LOAD CMakeFiles/Laser_Light_Cue.dir/Drivers/STM32F4xx_HAL_Driver/Src/stm32f4xx_hal_gpio.c.obj
LOAD CMakeFiles/Laser_Light_Cue.dir/Drivers/STM32F4xx_HAL_Driver/Src/stm32f4xx_hal_dma_ex.c.obj
LOAD CMakeFiles/Laser_Light_Cue.dir/Drivers/STM32F4xx_HAL_Driver/Src/stm32f4xx_hal_dma.c.obj
LOAD CMakeFiles/Laser_Light_Cue.dir/Drivers/STM32F4xx_HAL_Driver/Src/stm32f4xx_hal_pwr.c.obj
LOAD CMakeFiles/Laser_Light_Cue.dir/Drivers/STM32F4xx_HAL_Driver/Src/stm32f4xx_hal_pwr_ex.c.obj
LOAD CMakeFiles/Laser_Light_Cue.dir/Drivers/STM32F4xx_HAL_Driver/Src/stm32f4xx_hal_cortex.c.obj
LOAD CMakeFiles/Laser_Light_Cue.dir/Drivers/STM32F4xx_HAL_Driver/Src/stm32f4xx_hal.c.obj
LOAD CMakeFiles/Laser_Light_Cue.dir/Drivers/STM32F4xx_HAL_Driver/Src/stm32f4xx_hal_exti.c.obj
LOAD CMakeFiles/Laser_Light_Cue.dir/Drivers/STM32F4xx_HAL_Driver/Src/stm32f4xx_hal_tim.c.obj
LOAD CMakeFiles/Laser_Light_Cue.dir/Drivers/STM32F4xx_HAL_Driver/Src/stm32f4xx_hal_tim_ex.c.obj
LOAD CMakeFiles/Laser_Light_Cue.dir/Drivers/STM32F4xx_HAL_Driver/Src/stm32f4xx_hal_uart.c.obj
LOAD CMakeFiles/Laser_Light_Cue.dir/Core/Src/system_stm32f4xx.c.obj
LOAD CMakeFiles/Laser_Light_Cue.dir/Core/Src/sysmem.c.obj
LOAD CMakeFiles/Laser_Light_Cue.dir/Core/Src/syscalls.c.obj
LOAD CMakeFiles/Laser_Light_Cue.dir/startup_stm32f446xx.s.obj
START GROUP
LOAD C:/ST/STM32CubeCLT_1.15.0/GNU-tools-for-STM32/bin/../lib/gcc/arm-none-eabi/12.3.1/thumb/v7e-m+fp/hard\libgcc.a
LOAD C:/ST/STM32CubeCLT_1.15.0/GNU-tools-for-STM32/bin/../lib/gcc/arm-none-eabi/12.3.1/../../../../arm-none-eabi/lib/thumb/v7e-m+fp/hard\libg_nano.a
LOAD C:/ST/STM32CubeCLT_1.15.0/GNU-tools-for-STM32/bin/../lib/gcc/arm-none-eabi/12.3.1/../../../../arm-none-eabi/lib/thumb/v7e-m+fp/hard\libc_nano.a
END GROUP
START GROUP
LOAD C:/ST/STM32CubeCLT_1.15.0/GNU-tools-for-STM32/bin/../lib/gcc/arm-none-eabi/12.3.1/thumb/v7e-m+fp/hard\libgcc.a
LOAD C:/ST/STM32CubeCLT_1.15.0/GNU-tools-for-STM32/bin/../lib/gcc/arm-none-eabi/12.3.1/../../../../arm-none-eabi/lib/thumb/v7e-m+fp/hard\libc_nano.a
END GROUP
LOAD C:/ST/STM32CubeCLT_1.15.0/GNU-tools-for-STM32/bin/../lib/gcc/arm-none-eabi/12.3.1/thumb/v7e-m+fp/hard/crtend.o
LOAD C:/ST/STM32CubeCLT_1.15.0/GNU-tools-for-STM32/bin/../lib/gcc/arm-none-eabi/12.3.1/thumb/v7e-m+fp/hard/crtn.o
                0x20020000                        _estack = (ORIGIN (RAM) + LENGTH (RAM))
                0x00000200                        _Min_Heap_Size = 0x200
                0x00000400                        _Min_Stack_Size = 0x400

.isr_vector     0x08000000      0x1c4
                0x08000000                        . = ALIGN (0x4)
 *(.isr_vector)
 .isr_vector    0x08000000      0x1c4 CMakeFiles/Laser_Light_Cue.dir/startup_stm32f446xx.s.obj
                0x08000000                g_pfnVectors
                0x080001c4                        . = ALIGN (0x4)

.text           0x080001c4     0x2cb4
                0x080001c4                        . = ALIGN (0x4)
 *(.text)
 .text          0x080001c4       0x40 C:/ST/STM32CubeCLT_1.15.0/GNU-tools-for-STM32/bin/../lib/gcc/arm-none-eabi/12.3.1/thumb/v7e-m+fp/hard/crtbegin.o
 .text          0x08000204       0x30 C:/ST/STM32CubeCLT_1.15.0/GNU-tools-for-STM32/bin/../lib/gcc/arm-none-eabi/12.3.1/thumb/v7e-m+fp/hard\libgcc.a(_aeabi_uldivmod.o)
                0x08000204                __aeabi_uldivmod
 .text          0x08000234      0x2bc C:/ST/STM32CubeCLT_1.15.0/GNU-tools-for-STM32/bin/../lib/gcc/arm-none-eabi/12.3.1/thumb/v7e-m+fp/hard\libgcc.a(_udivmoddi4.o)
                0x08000234                __udivmoddi4
 .text          0x080004f0        0x4 C:/ST/STM32CubeCLT_1.15.0/GNU-tools-for-STM32/bin/../lib/gcc/arm-none-eabi/12.3.1/thumb/v7e-m+fp/hard\libgcc.a(_dvmd_tls.o)
                0x080004f0                __aeabi_idiv0
                0x080004f0                __aeabi_ldiv0
 *(.text*)
 .text.memset   0x080004f4       0x10 C:/ST/STM32CubeCLT_1.15.0/GNU-tools-for-STM32/bin/../lib/gcc/arm-none-eabi/12.3.1/../../../../arm-none-eabi/lib/thumb/v7e-m+fp/hard\libc_nano.a(libc_a-memset.o)
                0x080004f4                memset
 .text.__libc_init_array
                0x08000504       0x48 C:/ST/STM32CubeCLT_1.15.0/GNU-tools-for-STM32/bin/../lib/gcc/arm-none-eabi/12.3.1/../../../../arm-none-eabi/lib/thumb/v7e-m+fp/hard\libc_nano.a(libc_a-init.o)
                0x08000504                __libc_init_array
 .text.main     0x0800054c       0x34 CMakeFiles/Laser_Light_Cue.dir/Core/Src/main.c.obj
                0x0800054c                main
 .text.SystemClock_Config
                0x08000580       0xe4 CMakeFiles/Laser_Light_Cue.dir/Core/Src/main.c.obj
                0x08000580                SystemClock_Config
 .text.MX_SPI1_Init
                0x08000664       0x6c CMakeFiles/Laser_Light_Cue.dir/Core/Src/main.c.obj
 .text.MX_USART1_UART_Init
                0x080006d0       0x54 CMakeFiles/Laser_Light_Cue.dir/Core/Src/main.c.obj
 .text.MX_GPIO_Init
                0x08000724      0x100 CMakeFiles/Laser_Light_Cue.dir/Core/Src/main.c.obj
 .text.Error_Handler
                0x08000824        0xc CMakeFiles/Laser_Light_Cue.dir/Core/Src/main.c.obj
                0x08000824                Error_Handler
 .text.CS_ACTIVATE
                0x08000830       0x1c CMakeFiles/Laser_Light_Cue.dir/Core/Src/ICM20948.c.obj
 .text.CS_DEACTIVATE
                0x0800084c       0x18 CMakeFiles/Laser_Light_Cue.dir/Core/Src/ICM20948.c.obj
 .text.USER_BANK_SELECTION
                0x08000864       0x52 CMakeFiles/Laser_Light_Cue.dir/Core/Src/ICM20948.c.obj
                0x08000864                USER_BANK_SELECTION
 .text.SPI_ReadRegisters
                0x080008b6       0x4e CMakeFiles/Laser_Light_Cue.dir/Core/Src/ICM20948.c.obj
 .text.WHO_AM_I_CHECK
                0x08000904       0x28 CMakeFiles/Laser_Light_Cue.dir/Core/Src/ICM20948.c.obj
                0x08000904                WHO_AM_I_CHECK
 .text.NMI_Handler
                0x0800092c        0x8 CMakeFiles/Laser_Light_Cue.dir/Core/Src/stm32f4xx_it.c.obj
                0x0800092c                NMI_Handler
 .text.HardFault_Handler
                0x08000934        0x8 CMakeFiles/Laser_Light_Cue.dir/Core/Src/stm32f4xx_it.c.obj
                0x08000934                HardFault_Handler
 .text.MemManage_Handler
                0x0800093c        0x8 CMakeFiles/Laser_Light_Cue.dir/Core/Src/stm32f4xx_it.c.obj
                0x0800093c                MemManage_Handler
 .text.BusFault_Handler
                0x08000944        0x8 CMakeFiles/Laser_Light_Cue.dir/Core/Src/stm32f4xx_it.c.obj
                0x08000944                BusFault_Handler
 .text.UsageFault_Handler
                0x0800094c        0x8 CMakeFiles/Laser_Light_Cue.dir/Core/Src/stm32f4xx_it.c.obj
                0x0800094c                UsageFault_Handler
 .text.SVC_Handler
                0x08000954        0xe CMakeFiles/Laser_Light_Cue.dir/Core/Src/stm32f4xx_it.c.obj
                0x08000954                SVC_Handler
 .text.DebugMon_Handler
                0x08000962        0xe CMakeFiles/Laser_Light_Cue.dir/Core/Src/stm32f4xx_it.c.obj
                0x08000962                DebugMon_Handler
 .text.PendSV_Handler
                0x08000970        0xe CMakeFiles/Laser_Light_Cue.dir/Core/Src/stm32f4xx_it.c.obj
                0x08000970                PendSV_Handler
 .text.SysTick_Handler
                0x0800097e        0xc CMakeFiles/Laser_Light_Cue.dir/Core/Src/stm32f4xx_it.c.obj
                0x0800097e                SysTick_Handler
 *fill*         0x0800098a        0x2 
 .text.HAL_MspInit
                0x0800098c       0x50 CMakeFiles/Laser_Light_Cue.dir/Core/Src/stm32f4xx_hal_msp.c.obj
                0x0800098c                HAL_MspInit
 .text.HAL_SPI_MspInit
                0x080009dc       0x90 CMakeFiles/Laser_Light_Cue.dir/Core/Src/stm32f4xx_hal_msp.c.obj
                0x080009dc                HAL_SPI_MspInit
 .text.HAL_UART_MspInit
                0x08000a6c       0x90 CMakeFiles/Laser_Light_Cue.dir/Core/Src/stm32f4xx_hal_msp.c.obj
                0x08000a6c                HAL_UART_MspInit
 .text.HAL_SPI_Init
                0x08000afc      0x112 CMakeFiles/Laser_Light_Cue.dir/Drivers/STM32F4xx_HAL_Driver/Src/stm32f4xx_hal_spi.c.obj
                0x08000afc                HAL_SPI_Init
 .text.HAL_SPI_Transmit
                0x08000c0e      0x286 CMakeFiles/Laser_Light_Cue.dir/Drivers/STM32F4xx_HAL_Driver/Src/stm32f4xx_hal_spi.c.obj
                0x08000c0e                HAL_SPI_Transmit
 .text.HAL_SPI_Receive
                0x08000e94      0x230 CMakeFiles/Laser_Light_Cue.dir/Drivers/STM32F4xx_HAL_Driver/Src/stm32f4xx_hal_spi.c.obj
                0x08000e94                HAL_SPI_Receive
 .text.HAL_SPI_TransmitReceive
                0x080010c4      0x360 CMakeFiles/Laser_Light_Cue.dir/Drivers/STM32F4xx_HAL_Driver/Src/stm32f4xx_hal_spi.c.obj
                0x080010c4                HAL_SPI_TransmitReceive
 .text.SPI_WaitFlagStateUntilTimeout
                0x08001424      0x110 CMakeFiles/Laser_Light_Cue.dir/Drivers/STM32F4xx_HAL_Driver/Src/stm32f4xx_hal_spi.c.obj
 .text.SPI_EndRxTransaction
                0x08001534       0xca CMakeFiles/Laser_Light_Cue.dir/Drivers/STM32F4xx_HAL_Driver/Src/stm32f4xx_hal_spi.c.obj
 *fill*         0x080015fe        0x2 
 .text.SPI_EndRxTxTransaction
                0x08001600       0xa8 CMakeFiles/Laser_Light_Cue.dir/Drivers/STM32F4xx_HAL_Driver/Src/stm32f4xx_hal_spi.c.obj
 .text.HAL_RCC_ClockConfig
                0x080016a8      0x1cc CMakeFiles/Laser_Light_Cue.dir/Drivers/STM32F4xx_HAL_Driver/Src/stm32f4xx_hal_rcc.c.obj
                0x080016a8                HAL_RCC_ClockConfig
 .text.HAL_RCC_GetHCLKFreq
                0x08001874       0x18 CMakeFiles/Laser_Light_Cue.dir/Drivers/STM32F4xx_HAL_Driver/Src/stm32f4xx_hal_rcc.c.obj
                0x08001874                HAL_RCC_GetHCLKFreq
 .text.HAL_RCC_GetPCLK1Freq
                0x0800188c       0x28 CMakeFiles/Laser_Light_Cue.dir/Drivers/STM32F4xx_HAL_Driver/Src/stm32f4xx_hal_rcc.c.obj
                0x0800188c                HAL_RCC_GetPCLK1Freq
 .text.HAL_RCC_GetPCLK2Freq
                0x080018b4       0x28 CMakeFiles/Laser_Light_Cue.dir/Drivers/STM32F4xx_HAL_Driver/Src/stm32f4xx_hal_rcc.c.obj
                0x080018b4                HAL_RCC_GetPCLK2Freq
 .text.HAL_RCC_GetSysClockFreq
                0x080018dc      0x354 CMakeFiles/Laser_Light_Cue.dir/Drivers/STM32F4xx_HAL_Driver/Src/stm32f4xx_hal_rcc_ex.c.obj
                0x080018dc                HAL_RCC_GetSysClockFreq
 .text.HAL_RCC_OscConfig
                0x08001c30      0x53c CMakeFiles/Laser_Light_Cue.dir/Drivers/STM32F4xx_HAL_Driver/Src/stm32f4xx_hal_rcc_ex.c.obj
                0x08001c30                HAL_RCC_OscConfig
 .text.HAL_GPIO_Init
                0x0800216c      0x328 CMakeFiles/Laser_Light_Cue.dir/Drivers/STM32F4xx_HAL_Driver/Src/stm32f4xx_hal_gpio.c.obj
                0x0800216c                HAL_GPIO_Init
 .text.HAL_GPIO_WritePin
                0x08002494       0x32 CMakeFiles/Laser_Light_Cue.dir/Drivers/STM32F4xx_HAL_Driver/Src/stm32f4xx_hal_gpio.c.obj
                0x08002494                HAL_GPIO_WritePin
 *fill*         0x080024c6        0x2 
 .text.HAL_PWREx_EnableOverDrive
                0x080024c8       0xa0 CMakeFiles/Laser_Light_Cue.dir/Drivers/STM32F4xx_HAL_Driver/Src/stm32f4xx_hal_pwr_ex.c.obj
                0x080024c8                HAL_PWREx_EnableOverDrive
 .text.__NVIC_SetPriorityGrouping
                0x08002568       0x48 CMakeFiles/Laser_Light_Cue.dir/Drivers/STM32F4xx_HAL_Driver/Src/stm32f4xx_hal_cortex.c.obj
 .text.__NVIC_GetPriorityGrouping
                0x080025b0       0x1c CMakeFiles/Laser_Light_Cue.dir/Drivers/STM32F4xx_HAL_Driver/Src/stm32f4xx_hal_cortex.c.obj
 .text.__NVIC_SetPriority
                0x080025cc       0x54 CMakeFiles/Laser_Light_Cue.dir/Drivers/STM32F4xx_HAL_Driver/Src/stm32f4xx_hal_cortex.c.obj
 .text.NVIC_EncodePriority
                0x08002620       0x66 CMakeFiles/Laser_Light_Cue.dir/Drivers/STM32F4xx_HAL_Driver/Src/stm32f4xx_hal_cortex.c.obj
 *fill*         0x08002686        0x2 
 .text.SysTick_Config
                0x08002688       0x44 CMakeFiles/Laser_Light_Cue.dir/Drivers/STM32F4xx_HAL_Driver/Src/stm32f4xx_hal_cortex.c.obj
 .text.HAL_NVIC_SetPriorityGrouping
                0x080026cc       0x16 CMakeFiles/Laser_Light_Cue.dir/Drivers/STM32F4xx_HAL_Driver/Src/stm32f4xx_hal_cortex.c.obj
                0x080026cc                HAL_NVIC_SetPriorityGrouping
 .text.HAL_NVIC_SetPriority
                0x080026e2       0x38 CMakeFiles/Laser_Light_Cue.dir/Drivers/STM32F4xx_HAL_Driver/Src/stm32f4xx_hal_cortex.c.obj
                0x080026e2                HAL_NVIC_SetPriority
 .text.HAL_SYSTICK_Config
                0x0800271a       0x18 CMakeFiles/Laser_Light_Cue.dir/Drivers/STM32F4xx_HAL_Driver/Src/stm32f4xx_hal_cortex.c.obj
                0x0800271a                HAL_SYSTICK_Config
 *fill*         0x08002732        0x2 
 .text.HAL_Init
                0x08002734       0x44 CMakeFiles/Laser_Light_Cue.dir/Drivers/STM32F4xx_HAL_Driver/Src/stm32f4xx_hal.c.obj
                0x08002734                HAL_Init
 .text.HAL_InitTick
                0x08002778       0x60 CMakeFiles/Laser_Light_Cue.dir/Drivers/STM32F4xx_HAL_Driver/Src/stm32f4xx_hal.c.obj
                0x08002778                HAL_InitTick
 .text.HAL_IncTick
                0x080027d8       0x28 CMakeFiles/Laser_Light_Cue.dir/Drivers/STM32F4xx_HAL_Driver/Src/stm32f4xx_hal.c.obj
                0x080027d8                HAL_IncTick
 .text.HAL_GetTick
                0x08002800       0x18 CMakeFiles/Laser_Light_Cue.dir/Drivers/STM32F4xx_HAL_Driver/Src/stm32f4xx_hal.c.obj
                0x08002800                HAL_GetTick
 .text.HAL_Delay
                0x08002818       0x48 CMakeFiles/Laser_Light_Cue.dir/Drivers/STM32F4xx_HAL_Driver/Src/stm32f4xx_hal.c.obj
                0x08002818                HAL_Delay
 .text.HAL_UART_Init
                0x08002860       0xa0 CMakeFiles/Laser_Light_Cue.dir/Drivers/STM32F4xx_HAL_Driver/Src/stm32f4xx_hal_uart.c.obj
                0x08002860                HAL_UART_Init
 .text.UART_SetConfig
                0x08002900      0x4e8 CMakeFiles/Laser_Light_Cue.dir/Drivers/STM32F4xx_HAL_Driver/Src/stm32f4xx_hal_uart.c.obj
 .text.SystemInit
                0x08002de8       0x24 CMakeFiles/Laser_Light_Cue.dir/Core/Src/system_stm32f4xx.c.obj
                0x08002de8                SystemInit
 .text.Reset_Handler
                0x08002e0c       0x50 CMakeFiles/Laser_Light_Cue.dir/startup_stm32f446xx.s.obj
                0x08002e0c                Reset_Handler
 .text.Default_Handler
                0x08002e5c        0x2 CMakeFiles/Laser_Light_Cue.dir/startup_stm32f446xx.s.obj
                0x08002e5c                RTC_Alarm_IRQHandler
                0x08002e5c                EXTI2_IRQHandler
                0x08002e5c                TIM8_CC_IRQHandler
                0x08002e5c                FMPI2C1_EV_IRQHandler
                0x08002e5c                SPI4_IRQHandler
                0x08002e5c                TIM1_CC_IRQHandler
                0x08002e5c                DMA2_Stream5_IRQHandler
                0x08002e5c                DMA1_Stream5_IRQHandler
                0x08002e5c                PVD_IRQHandler
                0x08002e5c                SDIO_IRQHandler
                0x08002e5c                TAMP_STAMP_IRQHandler
                0x08002e5c                CAN2_RX1_IRQHandler
                0x08002e5c                EXTI3_IRQHandler
                0x08002e5c                TIM8_TRG_COM_TIM14_IRQHandler
                0x08002e5c                TIM1_UP_TIM10_IRQHandler
                0x08002e5c                TIM8_UP_TIM13_IRQHandler
                0x08002e5c                I2C3_ER_IRQHandler
                0x08002e5c                EXTI0_IRQHandler
                0x08002e5c                I2C2_EV_IRQHandler
                0x08002e5c                DMA1_Stream2_IRQHandler
                0x08002e5c                CAN1_RX0_IRQHandler
                0x08002e5c                FPU_IRQHandler
                0x08002e5c                OTG_HS_WKUP_IRQHandler
                0x08002e5c                CAN2_SCE_IRQHandler
                0x08002e5c                DMA2_Stream2_IRQHandler
                0x08002e5c                SPI1_IRQHandler
                0x08002e5c                TIM6_DAC_IRQHandler
                0x08002e5c                TIM1_BRK_TIM9_IRQHandler
                0x08002e5c                DCMI_IRQHandler
                0x08002e5c                CAN2_RX0_IRQHandler
                0x08002e5c                DMA2_Stream3_IRQHandler
                0x08002e5c                SAI2_IRQHandler
                0x08002e5c                USART6_IRQHandler
                0x08002e5c                USART3_IRQHandler
                0x08002e5c                CAN1_RX1_IRQHandler
                0x08002e5c                UART5_IRQHandler
                0x08002e5c                DMA2_Stream0_IRQHandler
                0x08002e5c                TIM4_IRQHandler
                0x08002e5c                QUADSPI_IRQHandler
                0x08002e5c                I2C1_EV_IRQHandler
                0x08002e5c                DMA1_Stream6_IRQHandler
                0x08002e5c                DMA1_Stream1_IRQHandler
                0x08002e5c                UART4_IRQHandler
                0x08002e5c                TIM3_IRQHandler
                0x08002e5c                RCC_IRQHandler
                0x08002e5c                TIM8_BRK_TIM12_IRQHandler
                0x08002e5c                Default_Handler
                0x08002e5c                CEC_IRQHandler
                0x08002e5c                EXTI15_10_IRQHandler
                0x08002e5c                ADC_IRQHandler
                0x08002e5c                DMA1_Stream7_IRQHandler
                0x08002e5c                TIM7_IRQHandler
                0x08002e5c                CAN2_TX_IRQHandler
                0x08002e5c                TIM5_IRQHandler
                0x08002e5c                DMA2_Stream7_IRQHandler
                0x08002e5c                I2C3_EV_IRQHandler
                0x08002e5c                EXTI9_5_IRQHandler
                0x08002e5c                RTC_WKUP_IRQHandler
                0x08002e5c                SPDIF_RX_IRQHandler
                0x08002e5c                SPI2_IRQHandler
                0x08002e5c                OTG_HS_EP1_IN_IRQHandler
                0x08002e5c                DMA1_Stream0_IRQHandler
                0x08002e5c                CAN1_TX_IRQHandler
                0x08002e5c                FMPI2C1_ER_IRQHandler
                0x08002e5c                EXTI4_IRQHandler
                0x08002e5c                OTG_HS_EP1_OUT_IRQHandler
                0x08002e5c                WWDG_IRQHandler
                0x08002e5c                TIM2_IRQHandler
                0x08002e5c                OTG_FS_WKUP_IRQHandler
                0x08002e5c                TIM1_TRG_COM_TIM11_IRQHandler
                0x08002e5c                OTG_HS_IRQHandler
                0x08002e5c                EXTI1_IRQHandler
                0x08002e5c                USART2_IRQHandler
                0x08002e5c                I2C2_ER_IRQHandler
                0x08002e5c                DMA2_Stream1_IRQHandler
                0x08002e5c                CAN1_SCE_IRQHandler
                0x08002e5c                FLASH_IRQHandler
                0x08002e5c                DMA2_Stream4_IRQHandler
                0x08002e5c                USART1_IRQHandler
                0x08002e5c                OTG_FS_IRQHandler
                0x08002e5c                SPI3_IRQHandler
                0x08002e5c                DMA1_Stream4_IRQHandler
                0x08002e5c                I2C1_ER_IRQHandler
                0x08002e5c                FMC_IRQHandler
                0x08002e5c                DMA2_Stream6_IRQHandler
                0x08002e5c                SAI1_IRQHandler
                0x08002e5c                DMA1_Stream3_IRQHandler
 *(.glue_7)
 .glue_7        0x08002e5e        0x0 linker stubs
 *(.glue_7t)
 .glue_7t       0x08002e5e        0x0 linker stubs
 *(.eh_frame)
 *fill*         0x08002e5e        0x2 
 .eh_frame      0x08002e60        0x0 C:/ST/STM32CubeCLT_1.15.0/GNU-tools-for-STM32/bin/../lib/gcc/arm-none-eabi/12.3.1/thumb/v7e-m+fp/hard/crtbegin.o
 *(.init)
 .init          0x08002e60        0x4 C:/ST/STM32CubeCLT_1.15.0/GNU-tools-for-STM32/bin/../lib/gcc/arm-none-eabi/12.3.1/thumb/v7e-m+fp/hard/crti.o
                0x08002e60                _init
 .init          0x08002e64        0x8 C:/ST/STM32CubeCLT_1.15.0/GNU-tools-for-STM32/bin/../lib/gcc/arm-none-eabi/12.3.1/thumb/v7e-m+fp/hard/crtn.o
 *(.fini)
 .fini          0x08002e6c        0x4 C:/ST/STM32CubeCLT_1.15.0/GNU-tools-for-STM32/bin/../lib/gcc/arm-none-eabi/12.3.1/thumb/v7e-m+fp/hard/crti.o
                0x08002e6c                _fini
 .fini          0x08002e70        0x8 C:/ST/STM32CubeCLT_1.15.0/GNU-tools-for-STM32/bin/../lib/gcc/arm-none-eabi/12.3.1/thumb/v7e-m+fp/hard/crtn.o
                0x08002e78                        . = ALIGN (0x4)
                0x08002e78                        _etext = .

.vfp11_veneer   0x08002e78        0x0
 .vfp11_veneer  0x08002e78        0x0 linker stubs

.v4_bx          0x08002e78        0x0
 .v4_bx         0x08002e78        0x0 linker stubs

.iplt           0x08002e78        0x0
 .iplt          0x08002e78        0x0 C:/ST/STM32CubeCLT_1.15.0/GNU-tools-for-STM32/bin/../lib/gcc/arm-none-eabi/12.3.1/thumb/v7e-m+fp/hard/crtbegin.o

.rodata         0x08002e78       0x18
                0x08002e78                        . = ALIGN (0x4)
 *(.rodata)
 *(.rodata*)
 .rodata.AHBPrescTable
                0x08002e78       0x10 CMakeFiles/Laser_Light_Cue.dir/Core/Src/system_stm32f4xx.c.obj
                0x08002e78                AHBPrescTable
 .rodata.APBPrescTable
                0x08002e88        0x8 CMakeFiles/Laser_Light_Cue.dir/Core/Src/system_stm32f4xx.c.obj
                0x08002e88                APBPrescTable
                0x08002e90                        . = ALIGN (0x4)

.ARM.extab      0x08002e90        0x0
                0x08002e90                        . = ALIGN (0x4)
 *(.ARM.extab* .gnu.linkonce.armextab.*)
                0x08002e90                        . = ALIGN (0x4)

.ARM            0x08002e90        0x8
                0x08002e90                        . = ALIGN (0x4)
                0x08002e90                        __exidx_start = .
 *(.ARM.exidx*)
 .ARM.exidx     0x08002e90        0x8 C:/ST/STM32CubeCLT_1.15.0/GNU-tools-for-STM32/bin/../lib/gcc/arm-none-eabi/12.3.1/thumb/v7e-m+fp/hard\libgcc.a(_udivmoddi4.o)
                0x08002e98                        __exidx_end = .
                0x08002e98                        . = ALIGN (0x4)

.preinit_array  0x08002e98        0x0
                0x08002e98                        . = ALIGN (0x4)
                0x08002e98                        PROVIDE (__preinit_array_start = .)
 *(.preinit_array*)
                0x08002e98                        PROVIDE (__preinit_array_end = .)
                0x08002e98                        . = ALIGN (0x4)

.init_array     0x08002e98        0x4
                0x08002e98                        . = ALIGN (0x4)
                0x08002e98                        PROVIDE (__init_array_start = .)
 *(SORT_BY_NAME(.init_array.*))
 *(.init_array*)
 .init_array    0x08002e98        0x4 C:/ST/STM32CubeCLT_1.15.0/GNU-tools-for-STM32/bin/../lib/gcc/arm-none-eabi/12.3.1/thumb/v7e-m+fp/hard/crtbegin.o
                0x08002e9c                        PROVIDE (__init_array_end = .)
                0x08002e9c                        . = ALIGN (0x4)

.fini_array     0x08002e9c        0x4
                0x08002e9c                        . = ALIGN (0x4)
                [!provide]                        PROVIDE (__fini_array_start = .)
 *(SORT_BY_NAME(.fini_array.*))
 *(.fini_array*)
 .fini_array    0x08002e9c        0x4 C:/ST/STM32CubeCLT_1.15.0/GNU-tools-for-STM32/bin/../lib/gcc/arm-none-eabi/12.3.1/thumb/v7e-m+fp/hard/crtbegin.o
                [!provide]                        PROVIDE (__fini_array_end = .)
                0x08002ea0                        . = ALIGN (0x4)
                0x08002ea0                        _sidata = LOADADDR (.data)

.rel.dyn        0x08002ea0        0x0
 .rel.iplt      0x08002ea0        0x0 C:/ST/STM32CubeCLT_1.15.0/GNU-tools-for-STM32/bin/../lib/gcc/arm-none-eabi/12.3.1/thumb/v7e-m+fp/hard/crtbegin.o

.data           0x20000000        0xc load address 0x08002ea0
                0x20000000                        . = ALIGN (0x4)
                0x20000000                        _sdata = .
 *(.data)
 *(.data*)
 .data.uwTickPrio
                0x20000000        0x4 CMakeFiles/Laser_Light_Cue.dir/Drivers/STM32F4xx_HAL_Driver/Src/stm32f4xx_hal.c.obj
                0x20000000                uwTickPrio
 .data.uwTickFreq
                0x20000004        0x1 CMakeFiles/Laser_Light_Cue.dir/Drivers/STM32F4xx_HAL_Driver/Src/stm32f4xx_hal.c.obj
                0x20000004                uwTickFreq
 *fill*         0x20000005        0x3 
 .data.SystemCoreClock
                0x20000008        0x4 CMakeFiles/Laser_Light_Cue.dir/Core/Src/system_stm32f4xx.c.obj
                0x20000008                SystemCoreClock
 *(.RamFunc)
 *(.RamFunc*)
                0x2000000c                        . = ALIGN (0x4)
                0x2000000c                        _edata = .

.igot.plt       0x2000000c        0x0 load address 0x08002eac
 .igot.plt      0x2000000c        0x0 C:/ST/STM32CubeCLT_1.15.0/GNU-tools-for-STM32/bin/../lib/gcc/arm-none-eabi/12.3.1/thumb/v7e-m+fp/hard/crtbegin.o
                0x2000000c                        . = ALIGN (0x4)

.bss            0x2000000c       0xc4 load address 0x08002eac
                0x2000000c                        _sbss = .
                0x2000000c                        __bss_start__ = _sbss
 *(.bss)
 .bss           0x2000000c       0x1c C:/ST/STM32CubeCLT_1.15.0/GNU-tools-for-STM32/bin/../lib/gcc/arm-none-eabi/12.3.1/thumb/v7e-m+fp/hard/crtbegin.o
 *(.bss*)
 .bss.hspi1     0x20000028       0x58 CMakeFiles/Laser_Light_Cue.dir/Core/Src/main.c.obj
                0x20000028                hspi1
 .bss.huart1    0x20000080       0x48 CMakeFiles/Laser_Light_Cue.dir/Core/Src/main.c.obj
                0x20000080                huart1
 .bss.checkDevice
                0x200000c8        0x1 CMakeFiles/Laser_Light_Cue.dir/Core/Src/main.c.obj
                0x200000c8                checkDevice
 *fill*         0x200000c9        0x3 
 .bss.uwTick    0x200000cc        0x4 CMakeFiles/Laser_Light_Cue.dir/Drivers/STM32F4xx_HAL_Driver/Src/stm32f4xx_hal.c.obj
                0x200000cc                uwTick
 *(COMMON)
                0x200000d0                        . = ALIGN (0x4)
                0x200000d0                        _ebss = .
                0x200000d0                        __bss_end__ = _ebss

._user_heap_stack
                0x200000d0      0x600 load address 0x08002eac
                0x200000d0                        . = ALIGN (0x8)
                [!provide]                        PROVIDE (end = .)
                0x200000d0                        PROVIDE (_end = .)
                0x200002d0                        . = (. + _Min_Heap_Size)
 *fill*         0x200000d0      0x200 
                0x200006d0                        . = (. + _Min_Stack_Size)
 *fill*         0x200002d0      0x400 
                0x200006d0                        . = ALIGN (0x8)

/DISCARD/
 libc.a(*)
 libm.a(*)
 libgcc.a(*)

.ARM.attributes
                0x00000000       0x30
 *(.ARM.attributes)
 .ARM.attributes
                0x00000000       0x22 C:/ST/STM32CubeCLT_1.15.0/GNU-tools-for-STM32/bin/../lib/gcc/arm-none-eabi/12.3.1/thumb/v7e-m+fp/hard/crti.o
 .ARM.attributes
                0x00000022       0x34 C:/ST/STM32CubeCLT_1.15.0/GNU-tools-for-STM32/bin/../lib/gcc/arm-none-eabi/12.3.1/thumb/v7e-m+fp/hard/crtbegin.o
 .ARM.attributes
                0x00000056       0x34 C:/ST/STM32CubeCLT_1.15.0/GNU-tools-for-STM32/bin/../lib/gcc/arm-none-eabi/12.3.1/../../../../arm-none-eabi/lib/thumb/v7e-m+fp/hard\libc_nano.a(libc_a-memset.o)
 .ARM.attributes
                0x0000008a       0x34 C:/ST/STM32CubeCLT_1.15.0/GNU-tools-for-STM32/bin/../lib/gcc/arm-none-eabi/12.3.1/../../../../arm-none-eabi/lib/thumb/v7e-m+fp/hard\libc_nano.a(libc_a-init.o)
 .ARM.attributes
                0x000000be       0x34 CMakeFiles/Laser_Light_Cue.dir/Core/Src/main.c.obj
 .ARM.attributes
                0x000000f2       0x34 CMakeFiles/Laser_Light_Cue.dir/Core/Src/ICM20948.c.obj
 .ARM.attributes
                0x00000126       0x34 CMakeFiles/Laser_Light_Cue.dir/Core/Src/stm32f4xx_it.c.obj
 .ARM.attributes
                0x0000015a       0x34 CMakeFiles/Laser_Light_Cue.dir/Core/Src/stm32f4xx_hal_msp.c.obj
 .ARM.attributes
                0x0000018e       0x34 CMakeFiles/Laser_Light_Cue.dir/Drivers/STM32F4xx_HAL_Driver/Src/stm32f4xx_hal_spi.c.obj
 .ARM.attributes
                0x000001c2       0x34 CMakeFiles/Laser_Light_Cue.dir/Drivers/STM32F4xx_HAL_Driver/Src/stm32f4xx_hal_rcc.c.obj
 .ARM.attributes
                0x000001f6       0x34 CMakeFiles/Laser_Light_Cue.dir/Drivers/STM32F4xx_HAL_Driver/Src/stm32f4xx_hal_rcc_ex.c.obj
 .ARM.attributes
                0x0000022a       0x34 CMakeFiles/Laser_Light_Cue.dir/Drivers/STM32F4xx_HAL_Driver/Src/stm32f4xx_hal_gpio.c.obj
 .ARM.attributes
                0x0000025e       0x34 CMakeFiles/Laser_Light_Cue.dir/Drivers/STM32F4xx_HAL_Driver/Src/stm32f4xx_hal_pwr_ex.c.obj
 .ARM.attributes
                0x00000292       0x34 CMakeFiles/Laser_Light_Cue.dir/Drivers/STM32F4xx_HAL_Driver/Src/stm32f4xx_hal_cortex.c.obj
 .ARM.attributes
                0x000002c6       0x34 CMakeFiles/Laser_Light_Cue.dir/Drivers/STM32F4xx_HAL_Driver/Src/stm32f4xx_hal.c.obj
 .ARM.attributes
                0x000002fa       0x34 CMakeFiles/Laser_Light_Cue.dir/Drivers/STM32F4xx_HAL_Driver/Src/stm32f4xx_hal_uart.c.obj
 .ARM.attributes
                0x0000032e       0x34 CMakeFiles/Laser_Light_Cue.dir/Core/Src/system_stm32f4xx.c.obj
 .ARM.attributes
                0x00000362       0x21 CMakeFiles/Laser_Light_Cue.dir/startup_stm32f446xx.s.obj
 .ARM.attributes
                0x00000383       0x22 C:/ST/STM32CubeCLT_1.15.0/GNU-tools-for-STM32/bin/../lib/gcc/arm-none-eabi/12.3.1/thumb/v7e-m+fp/hard\libgcc.a(_aeabi_uldivmod.o)
 .ARM.attributes
                0x000003a5       0x34 C:/ST/STM32CubeCLT_1.15.0/GNU-tools-for-STM32/bin/../lib/gcc/arm-none-eabi/12.3.1/thumb/v7e-m+fp/hard\libgcc.a(_udivmoddi4.o)
 .ARM.attributes
                0x000003d9       0x22 C:/ST/STM32CubeCLT_1.15.0/GNU-tools-for-STM32/bin/../lib/gcc/arm-none-eabi/12.3.1/thumb/v7e-m+fp/hard\libgcc.a(_dvmd_tls.o)
 .ARM.attributes
                0x000003fb       0x22 C:/ST/STM32CubeCLT_1.15.0/GNU-tools-for-STM32/bin/../lib/gcc/arm-none-eabi/12.3.1/thumb/v7e-m+fp/hard/crtn.o
OUTPUT(Laser_Light_Cue.elf elf32-littlearm)
LOAD linker stubs
LOAD C:/ST/STM32CubeCLT_1.15.0/GNU-tools-for-STM32/bin/../lib/gcc/arm-none-eabi/12.3.1/../../../../arm-none-eabi/lib/thumb/v7e-m+fp/hard\libc.a
LOAD C:/ST/STM32CubeCLT_1.15.0/GNU-tools-for-STM32/bin/../lib/gcc/arm-none-eabi/12.3.1/../../../../arm-none-eabi/lib/thumb/v7e-m+fp/hard\libm.a
LOAD C:/ST/STM32CubeCLT_1.15.0/GNU-tools-for-STM32/bin/../lib/gcc/arm-none-eabi/12.3.1/thumb/v7e-m+fp/hard\libgcc.a

.debug_frame    0x00000000     0x2488
 .debug_frame   0x00000000       0x20 C:/ST/STM32CubeCLT_1.15.0/GNU-tools-for-STM32/bin/../lib/gcc/arm-none-eabi/12.3.1/../../../../arm-none-eabi/lib/thumb/v7e-m+fp/hard\libc_nano.a(libc_a-memset.o)
 .debug_frame   0x00000020       0x2c C:/ST/STM32CubeCLT_1.15.0/GNU-tools-for-STM32/bin/../lib/gcc/arm-none-eabi/12.3.1/../../../../arm-none-eabi/lib/thumb/v7e-m+fp/hard\libc_nano.a(libc_a-init.o)
 .debug_frame   0x0000004c       0xc4 CMakeFiles/Laser_Light_Cue.dir/Core/Src/main.c.obj
 .debug_frame   0x00000110       0xd8 CMakeFiles/Laser_Light_Cue.dir/Core/Src/ICM20948.c.obj
 .debug_frame   0x000001e8      0x104 CMakeFiles/Laser_Light_Cue.dir/Core/Src/stm32f4xx_it.c.obj
 .debug_frame   0x000002ec       0xc8 CMakeFiles/Laser_Light_Cue.dir/Core/Src/stm32f4xx_hal_msp.c.obj
 .debug_frame   0x000003b4      0x828 CMakeFiles/Laser_Light_Cue.dir/Drivers/STM32F4xx_HAL_Driver/Src/stm32f4xx_hal_spi.c.obj
 .debug_frame   0x00000bdc      0x1f4 CMakeFiles/Laser_Light_Cue.dir/Drivers/STM32F4xx_HAL_Driver/Src/stm32f4xx_hal_rcc.c.obj
 .debug_frame   0x00000dd0      0x1e8 CMakeFiles/Laser_Light_Cue.dir/Drivers/STM32F4xx_HAL_Driver/Src/stm32f4xx_hal_rcc_ex.c.obj
 .debug_frame   0x00000fb8      0x14c CMakeFiles/Laser_Light_Cue.dir/Drivers/STM32F4xx_HAL_Driver/Src/stm32f4xx_hal_gpio.c.obj
 .debug_frame   0x00001104      0x14c CMakeFiles/Laser_Light_Cue.dir/Drivers/STM32F4xx_HAL_Driver/Src/stm32f4xx_hal_pwr_ex.c.obj
 .debug_frame   0x00001250      0x4b8 CMakeFiles/Laser_Light_Cue.dir/Drivers/STM32F4xx_HAL_Driver/Src/stm32f4xx_hal_cortex.c.obj
 .debug_frame   0x00001708      0x374 CMakeFiles/Laser_Light_Cue.dir/Drivers/STM32F4xx_HAL_Driver/Src/stm32f4xx_hal.c.obj
 .debug_frame   0x00001a7c      0x954 CMakeFiles/Laser_Light_Cue.dir/Drivers/STM32F4xx_HAL_Driver/Src/stm32f4xx_hal_uart.c.obj
 .debug_frame   0x000023d0       0x58 CMakeFiles/Laser_Light_Cue.dir/Core/Src/system_stm32f4xx.c.obj
 .debug_frame   0x00002428       0x2c C:/ST/STM32CubeCLT_1.15.0/GNU-tools-for-STM32/bin/../lib/gcc/arm-none-eabi/12.3.1/thumb/v7e-m+fp/hard\libgcc.a(_aeabi_uldivmod.o)
 .debug_frame   0x00002454       0x34 C:/ST/STM32CubeCLT_1.15.0/GNU-tools-for-STM32/bin/../lib/gcc/arm-none-eabi/12.3.1/thumb/v7e-m+fp/hard\libgcc.a(_udivmoddi4.o)

.debug_info     0x00000000     0xa61e
 .debug_info    0x00000000      0xea6 CMakeFiles/Laser_Light_Cue.dir/Core/Src/main.c.obj
 .debug_info    0x00000ea6      0x862 CMakeFiles/Laser_Light_Cue.dir/Core/Src/ICM20948.c.obj
 .debug_info    0x00001708      0x112 CMakeFiles/Laser_Light_Cue.dir/Core/Src/stm32f4xx_it.c.obj
 .debug_info    0x0000181a      0xc09 CMakeFiles/Laser_Light_Cue.dir/Core/Src/stm32f4xx_hal_msp.c.obj
 .debug_info    0x00002423     0x15fb CMakeFiles/Laser_Light_Cue.dir/Drivers/STM32F4xx_HAL_Driver/Src/stm32f4xx_hal_spi.c.obj
 .debug_info    0x00003a1e      0x8ed CMakeFiles/Laser_Light_Cue.dir/Drivers/STM32F4xx_HAL_Driver/Src/stm32f4xx_hal_rcc.c.obj
 .debug_info    0x0000430b      0x956 CMakeFiles/Laser_Light_Cue.dir/Drivers/STM32F4xx_HAL_Driver/Src/stm32f4xx_hal_rcc_ex.c.obj
 .debug_info    0x00004c61      0x70b CMakeFiles/Laser_Light_Cue.dir/Drivers/STM32F4xx_HAL_Driver/Src/stm32f4xx_hal_gpio.c.obj
 .debug_info    0x0000536c      0x6da CMakeFiles/Laser_Light_Cue.dir/Drivers/STM32F4xx_HAL_Driver/Src/stm32f4xx_hal_pwr_ex.c.obj
 .debug_info    0x00005a46      0xd75 CMakeFiles/Laser_Light_Cue.dir/Drivers/STM32F4xx_HAL_Driver/Src/stm32f4xx_hal_cortex.c.obj
 .debug_info    0x000067bb      0x99a CMakeFiles/Laser_Light_Cue.dir/Drivers/STM32F4xx_HAL_Driver/Src/stm32f4xx_hal.c.obj
 .debug_info    0x00007155     0x2f4f CMakeFiles/Laser_Light_Cue.dir/Drivers/STM32F4xx_HAL_Driver/Src/stm32f4xx_hal_uart.c.obj
 .debug_info    0x0000a0a4      0x54a CMakeFiles/Laser_Light_Cue.dir/Core/Src/system_stm32f4xx.c.obj
 .debug_info    0x0000a5ee       0x30 CMakeFiles/Laser_Light_Cue.dir/startup_stm32f446xx.s.obj

.debug_abbrev   0x00000000     0x1aeb
 .debug_abbrev  0x00000000      0x24a CMakeFiles/Laser_Light_Cue.dir/Core/Src/main.c.obj
 .debug_abbrev  0x0000024a      0x211 CMakeFiles/Laser_Light_Cue.dir/Core/Src/ICM20948.c.obj
 .debug_abbrev  0x0000045b       0x73 CMakeFiles/Laser_Light_Cue.dir/Core/Src/stm32f4xx_it.c.obj
 .debug_abbrev  0x000004ce      0x1ae CMakeFiles/Laser_Light_Cue.dir/Core/Src/stm32f4xx_hal_msp.c.obj
 .debug_abbrev  0x0000067c      0x284 CMakeFiles/Laser_Light_Cue.dir/Drivers/STM32F4xx_HAL_Driver/Src/stm32f4xx_hal_spi.c.obj
 .debug_abbrev  0x00000900      0x2b6 CMakeFiles/Laser_Light_Cue.dir/Drivers/STM32F4xx_HAL_Driver/Src/stm32f4xx_hal_rcc.c.obj
 .debug_abbrev  0x00000bb6      0x20a CMakeFiles/Laser_Light_Cue.dir/Drivers/STM32F4xx_HAL_Driver/Src/stm32f4xx_hal_rcc_ex.c.obj
 .debug_abbrev  0x00000dc0      0x1d4 CMakeFiles/Laser_Light_Cue.dir/Drivers/STM32F4xx_HAL_Driver/Src/stm32f4xx_hal_gpio.c.obj
 .debug_abbrev  0x00000f94      0x1cf CMakeFiles/Laser_Light_Cue.dir/Drivers/STM32F4xx_HAL_Driver/Src/stm32f4xx_hal_pwr_ex.c.obj
 .debug_abbrev  0x00001163      0x328 CMakeFiles/Laser_Light_Cue.dir/Drivers/STM32F4xx_HAL_Driver/Src/stm32f4xx_hal_cortex.c.obj
 .debug_abbrev  0x0000148b      0x214 CMakeFiles/Laser_Light_Cue.dir/Drivers/STM32F4xx_HAL_Driver/Src/stm32f4xx_hal.c.obj
 .debug_abbrev  0x0000169f      0x30e CMakeFiles/Laser_Light_Cue.dir/Drivers/STM32F4xx_HAL_Driver/Src/stm32f4xx_hal_uart.c.obj
 .debug_abbrev  0x000019ad      0x11a CMakeFiles/Laser_Light_Cue.dir/Core/Src/system_stm32f4xx.c.obj
 .debug_abbrev  0x00001ac7       0x24 CMakeFiles/Laser_Light_Cue.dir/startup_stm32f446xx.s.obj

.debug_aranges  0x00000000      0x920
 .debug_aranges
                0x00000000       0x48 CMakeFiles/Laser_Light_Cue.dir/Core/Src/main.c.obj
 .debug_aranges
                0x00000048       0x48 CMakeFiles/Laser_Light_Cue.dir/Core/Src/ICM20948.c.obj
 .debug_aranges
                0x00000090       0x60 CMakeFiles/Laser_Light_Cue.dir/Core/Src/stm32f4xx_it.c.obj
 .debug_aranges
                0x000000f0       0x40 CMakeFiles/Laser_Light_Cue.dir/Core/Src/stm32f4xx_hal_msp.c.obj
 .debug_aranges
                0x00000130      0x1d0 CMakeFiles/Laser_Light_Cue.dir/Drivers/STM32F4xx_HAL_Driver/Src/stm32f4xx_hal_spi.c.obj
 .debug_aranges
                0x00000300       0x88 CMakeFiles/Laser_Light_Cue.dir/Drivers/STM32F4xx_HAL_Driver/Src/stm32f4xx_hal_rcc.c.obj
 .debug_aranges
                0x00000388       0x78 CMakeFiles/Laser_Light_Cue.dir/Drivers/STM32F4xx_HAL_Driver/Src/stm32f4xx_hal_rcc_ex.c.obj
 .debug_aranges
                0x00000400       0x58 CMakeFiles/Laser_Light_Cue.dir/Drivers/STM32F4xx_HAL_Driver/Src/stm32f4xx_hal_gpio.c.obj
 .debug_aranges
                0x00000458       0x60 CMakeFiles/Laser_Light_Cue.dir/Drivers/STM32F4xx_HAL_Driver/Src/stm32f4xx_hal_pwr_ex.c.obj
 .debug_aranges
                0x000004b8      0x120 CMakeFiles/Laser_Light_Cue.dir/Drivers/STM32F4xx_HAL_Driver/Src/stm32f4xx_hal_cortex.c.obj
 .debug_aranges
                0x000005d8       0xf0 CMakeFiles/Laser_Light_Cue.dir/Drivers/STM32F4xx_HAL_Driver/Src/stm32f4xx_hal.c.obj
 .debug_aranges
                0x000006c8      0x208 CMakeFiles/Laser_Light_Cue.dir/Drivers/STM32F4xx_HAL_Driver/Src/stm32f4xx_hal_uart.c.obj
 .debug_aranges
                0x000008d0       0x28 CMakeFiles/Laser_Light_Cue.dir/Core/Src/system_stm32f4xx.c.obj
 .debug_aranges
                0x000008f8       0x28 CMakeFiles/Laser_Light_Cue.dir/startup_stm32f446xx.s.obj

.debug_rnglists
                0x00000000      0x6ff
 .debug_rnglists
                0x00000000       0x33 CMakeFiles/Laser_Light_Cue.dir/Core/Src/main.c.obj
 .debug_rnglists
                0x00000033       0x31 CMakeFiles/Laser_Light_Cue.dir/Core/Src/ICM20948.c.obj
 .debug_rnglists
                0x00000064       0x43 CMakeFiles/Laser_Light_Cue.dir/Core/Src/stm32f4xx_it.c.obj
 .debug_rnglists
                0x000000a7       0x2d CMakeFiles/Laser_Light_Cue.dir/Core/Src/stm32f4xx_hal_msp.c.obj
 .debug_rnglists
                0x000000d4      0x16f CMakeFiles/Laser_Light_Cue.dir/Drivers/STM32F4xx_HAL_Driver/Src/stm32f4xx_hal_spi.c.obj
 .debug_rnglists
                0x00000243       0x66 CMakeFiles/Laser_Light_Cue.dir/Drivers/STM32F4xx_HAL_Driver/Src/stm32f4xx_hal_rcc.c.obj
 .debug_rnglists
                0x000002a9       0x5e CMakeFiles/Laser_Light_Cue.dir/Drivers/STM32F4xx_HAL_Driver/Src/stm32f4xx_hal_rcc_ex.c.obj
 .debug_rnglists
                0x00000307       0x3f CMakeFiles/Laser_Light_Cue.dir/Drivers/STM32F4xx_HAL_Driver/Src/stm32f4xx_hal_gpio.c.obj
 .debug_rnglists
                0x00000346       0x47 CMakeFiles/Laser_Light_Cue.dir/Drivers/STM32F4xx_HAL_Driver/Src/stm32f4xx_hal_pwr_ex.c.obj
 .debug_rnglists
                0x0000038d       0xd4 CMakeFiles/Laser_Light_Cue.dir/Drivers/STM32F4xx_HAL_Driver/Src/stm32f4xx_hal_cortex.c.obj
 .debug_rnglists
                0x00000461       0xaf CMakeFiles/Laser_Light_Cue.dir/Drivers/STM32F4xx_HAL_Driver/Src/stm32f4xx_hal.c.obj
 .debug_rnglists
                0x00000510      0x1bc CMakeFiles/Laser_Light_Cue.dir/Drivers/STM32F4xx_HAL_Driver/Src/stm32f4xx_hal_uart.c.obj
 .debug_rnglists
                0x000006cc       0x1a CMakeFiles/Laser_Light_Cue.dir/Core/Src/system_stm32f4xx.c.obj
 .debug_rnglists
                0x000006e6       0x19 CMakeFiles/Laser_Light_Cue.dir/startup_stm32f446xx.s.obj

.debug_macro    0x00000000    0x21c85
 .debug_macro   0x00000000      0x2af CMakeFiles/Laser_Light_Cue.dir/Core/Src/main.c.obj
 .debug_macro   0x000002af      0xab4 CMakeFiles/Laser_Light_Cue.dir/Core/Src/main.c.obj
 .debug_macro   0x00000d63      0x29b CMakeFiles/Laser_Light_Cue.dir/Core/Src/main.c.obj
 .debug_macro   0x00000ffe       0x2e CMakeFiles/Laser_Light_Cue.dir/Core/Src/main.c.obj
 .debug_macro   0x0000102c       0x28 CMakeFiles/Laser_Light_Cue.dir/Core/Src/main.c.obj
 .debug_macro   0x00001054       0x22 CMakeFiles/Laser_Light_Cue.dir/Core/Src/main.c.obj
 .debug_macro   0x00001076       0x8e CMakeFiles/Laser_Light_Cue.dir/Core/Src/main.c.obj
 .debug_macro   0x00001104       0x51 CMakeFiles/Laser_Light_Cue.dir/Core/Src/main.c.obj
 .debug_macro   0x00001155      0x103 CMakeFiles/Laser_Light_Cue.dir/Core/Src/main.c.obj
 .debug_macro   0x00001258       0x6a CMakeFiles/Laser_Light_Cue.dir/Core/Src/main.c.obj
 .debug_macro   0x000012c2      0x1df CMakeFiles/Laser_Light_Cue.dir/Core/Src/main.c.obj
 .debug_macro   0x000014a1       0x1c CMakeFiles/Laser_Light_Cue.dir/Core/Src/main.c.obj
 .debug_macro   0x000014bd       0x22 CMakeFiles/Laser_Light_Cue.dir/Core/Src/main.c.obj
 .debug_macro   0x000014df       0xfb CMakeFiles/Laser_Light_Cue.dir/Core/Src/main.c.obj
 .debug_macro   0x000015da     0x1011 CMakeFiles/Laser_Light_Cue.dir/Core/Src/main.c.obj
 .debug_macro   0x000025eb      0x11f CMakeFiles/Laser_Light_Cue.dir/Core/Src/main.c.obj
 .debug_macro   0x0000270a    0x16749 CMakeFiles/Laser_Light_Cue.dir/Core/Src/main.c.obj
 .debug_macro   0x00018e53       0x6d CMakeFiles/Laser_Light_Cue.dir/Core/Src/main.c.obj
 .debug_macro   0x00018ec0     0x368c CMakeFiles/Laser_Light_Cue.dir/Core/Src/main.c.obj
 .debug_macro   0x0001c54c      0x189 CMakeFiles/Laser_Light_Cue.dir/Core/Src/main.c.obj
 .debug_macro   0x0001c6d5       0x5c CMakeFiles/Laser_Light_Cue.dir/Core/Src/main.c.obj
 .debug_macro   0x0001c731      0xca5 CMakeFiles/Laser_Light_Cue.dir/Core/Src/main.c.obj
 .debug_macro   0x0001d3d6      0x9e9 CMakeFiles/Laser_Light_Cue.dir/Core/Src/main.c.obj
 .debug_macro   0x0001ddbf      0x115 CMakeFiles/Laser_Light_Cue.dir/Core/Src/main.c.obj
 .debug_macro   0x0001ded4      0x1a0 CMakeFiles/Laser_Light_Cue.dir/Core/Src/main.c.obj
 .debug_macro   0x0001e074       0xa5 CMakeFiles/Laser_Light_Cue.dir/Core/Src/main.c.obj
 .debug_macro   0x0001e119      0x16d CMakeFiles/Laser_Light_Cue.dir/Core/Src/main.c.obj
 .debug_macro   0x0001e286      0x287 CMakeFiles/Laser_Light_Cue.dir/Core/Src/main.c.obj
 .debug_macro   0x0001e50d       0x5f CMakeFiles/Laser_Light_Cue.dir/Core/Src/main.c.obj
 .debug_macro   0x0001e56c      0x236 CMakeFiles/Laser_Light_Cue.dir/Core/Src/main.c.obj
 .debug_macro   0x0001e7a2      0x132 CMakeFiles/Laser_Light_Cue.dir/Core/Src/main.c.obj
 .debug_macro   0x0001e8d4      0x29c CMakeFiles/Laser_Light_Cue.dir/Core/Src/main.c.obj
 .debug_macro   0x0001eb70       0x2e CMakeFiles/Laser_Light_Cue.dir/Core/Src/main.c.obj
 .debug_macro   0x0001eb9e      0x127 CMakeFiles/Laser_Light_Cue.dir/Core/Src/main.c.obj
 .debug_macro   0x0001ecc5       0xe8 CMakeFiles/Laser_Light_Cue.dir/Core/Src/main.c.obj
 .debug_macro   0x0001edad       0x89 CMakeFiles/Laser_Light_Cue.dir/Core/Src/main.c.obj
 .debug_macro   0x0001ee36      0x225 CMakeFiles/Laser_Light_Cue.dir/Core/Src/main.c.obj
 .debug_macro   0x0001f05b      0x2aa CMakeFiles/Laser_Light_Cue.dir/Core/Src/main.c.obj
 .debug_macro   0x0001f305      0x126 CMakeFiles/Laser_Light_Cue.dir/Core/Src/main.c.obj
 .debug_macro   0x0001f42b       0x1c CMakeFiles/Laser_Light_Cue.dir/Core/Src/main.c.obj
 .debug_macro   0x0001f447       0x74 CMakeFiles/Laser_Light_Cue.dir/Core/Src/main.c.obj
 .debug_macro   0x0001f4bb       0x2a CMakeFiles/Laser_Light_Cue.dir/Core/Src/main.c.obj
 .debug_macro   0x0001f4e5       0x3c CMakeFiles/Laser_Light_Cue.dir/Core/Src/main.c.obj
 .debug_macro   0x0001f521       0x34 CMakeFiles/Laser_Light_Cue.dir/Core/Src/main.c.obj
 .debug_macro   0x0001f555       0x16 CMakeFiles/Laser_Light_Cue.dir/Core/Src/main.c.obj
 .debug_macro   0x0001f56b       0x35 CMakeFiles/Laser_Light_Cue.dir/Core/Src/main.c.obj
 .debug_macro   0x0001f5a0      0x369 CMakeFiles/Laser_Light_Cue.dir/Core/Src/main.c.obj
 .debug_macro   0x0001f909       0x10 CMakeFiles/Laser_Light_Cue.dir/Core/Src/main.c.obj
 .debug_macro   0x0001f919       0x16 CMakeFiles/Laser_Light_Cue.dir/Core/Src/main.c.obj
 .debug_macro   0x0001f92f       0x43 CMakeFiles/Laser_Light_Cue.dir/Core/Src/main.c.obj
 .debug_macro   0x0001f972       0x34 CMakeFiles/Laser_Light_Cue.dir/Core/Src/main.c.obj
 .debug_macro   0x0001f9a6       0x10 CMakeFiles/Laser_Light_Cue.dir/Core/Src/main.c.obj
 .debug_macro   0x0001f9b6       0x58 CMakeFiles/Laser_Light_Cue.dir/Core/Src/main.c.obj
 .debug_macro   0x0001fa0e      0x1de CMakeFiles/Laser_Light_Cue.dir/Core/Src/main.c.obj
 .debug_macro   0x0001fbec       0x16 CMakeFiles/Laser_Light_Cue.dir/Core/Src/main.c.obj
 .debug_macro   0x0001fc02       0x16 CMakeFiles/Laser_Light_Cue.dir/Core/Src/main.c.obj
 .debug_macro   0x0001fc18      0x170 CMakeFiles/Laser_Light_Cue.dir/Core/Src/main.c.obj
 .debug_macro   0x0001fd88      0x817 CMakeFiles/Laser_Light_Cue.dir/Core/Src/main.c.obj
 .debug_macro   0x0002059f      0x2a0 CMakeFiles/Laser_Light_Cue.dir/Core/Src/ICM20948.c.obj
 .debug_macro   0x0002083f      0x1dd CMakeFiles/Laser_Light_Cue.dir/Core/Src/stm32f4xx_it.c.obj
 .debug_macro   0x00020a1c      0x1d3 CMakeFiles/Laser_Light_Cue.dir/Core/Src/stm32f4xx_hal_msp.c.obj
 .debug_macro   0x00020bef      0x1d3 CMakeFiles/Laser_Light_Cue.dir/Drivers/STM32F4xx_HAL_Driver/Src/stm32f4xx_hal_spi.c.obj
 .debug_macro   0x00020dc2      0x1e8 CMakeFiles/Laser_Light_Cue.dir/Drivers/STM32F4xx_HAL_Driver/Src/stm32f4xx_hal_rcc.c.obj
 .debug_macro   0x00020faa      0x1c4 CMakeFiles/Laser_Light_Cue.dir/Drivers/STM32F4xx_HAL_Driver/Src/stm32f4xx_hal_rcc_ex.c.obj
 .debug_macro   0x0002116e      0x1ca CMakeFiles/Laser_Light_Cue.dir/Drivers/STM32F4xx_HAL_Driver/Src/stm32f4xx_hal_gpio.c.obj
 .debug_macro   0x00021338      0x1dc CMakeFiles/Laser_Light_Cue.dir/Drivers/STM32F4xx_HAL_Driver/Src/stm32f4xx_hal_pwr_ex.c.obj
 .debug_macro   0x00021514      0x1c4 CMakeFiles/Laser_Light_Cue.dir/Drivers/STM32F4xx_HAL_Driver/Src/stm32f4xx_hal_cortex.c.obj
 .debug_macro   0x000216d8      0x224 CMakeFiles/Laser_Light_Cue.dir/Drivers/STM32F4xx_HAL_Driver/Src/stm32f4xx_hal.c.obj
 .debug_macro   0x000218fc      0x1c5 CMakeFiles/Laser_Light_Cue.dir/Drivers/STM32F4xx_HAL_Driver/Src/stm32f4xx_hal_uart.c.obj
 .debug_macro   0x00021ac1      0x1c4 CMakeFiles/Laser_Light_Cue.dir/Core/Src/system_stm32f4xx.c.obj

.debug_line     0x00000000     0xc18b
 .debug_line    0x00000000      0x967 CMakeFiles/Laser_Light_Cue.dir/Core/Src/main.c.obj
 .debug_line    0x00000967      0x89c CMakeFiles/Laser_Light_Cue.dir/Core/Src/ICM20948.c.obj
 .debug_line    0x00001203      0x84d CMakeFiles/Laser_Light_Cue.dir/Core/Src/stm32f4xx_it.c.obj
 .debug_line    0x00001a50      0x824 CMakeFiles/Laser_Light_Cue.dir/Core/Src/stm32f4xx_hal_msp.c.obj
 .debug_line    0x00002274     0x1d73 CMakeFiles/Laser_Light_Cue.dir/Drivers/STM32F4xx_HAL_Driver/Src/stm32f4xx_hal_spi.c.obj
 .debug_line    0x00003fe7      0xdf5 CMakeFiles/Laser_Light_Cue.dir/Drivers/STM32F4xx_HAL_Driver/Src/stm32f4xx_hal_rcc.c.obj
 .debug_line    0x00004ddc     0x1493 CMakeFiles/Laser_Light_Cue.dir/Drivers/STM32F4xx_HAL_Driver/Src/stm32f4xx_hal_rcc_ex.c.obj
 .debug_line    0x0000626f      0xbf0 CMakeFiles/Laser_Light_Cue.dir/Drivers/STM32F4xx_HAL_Driver/Src/stm32f4xx_hal_gpio.c.obj
 .debug_line    0x00006e5f      0x9a1 CMakeFiles/Laser_Light_Cue.dir/Drivers/STM32F4xx_HAL_Driver/Src/stm32f4xx_hal_pwr_ex.c.obj
 .debug_line    0x00007800      0xd40 CMakeFiles/Laser_Light_Cue.dir/Drivers/STM32F4xx_HAL_Driver/Src/stm32f4xx_hal_cortex.c.obj
 .debug_line    0x00008540      0xa78 CMakeFiles/Laser_Light_Cue.dir/Drivers/STM32F4xx_HAL_Driver/Src/stm32f4xx_hal.c.obj
 .debug_line    0x00008fb8     0x294a CMakeFiles/Laser_Light_Cue.dir/Drivers/STM32F4xx_HAL_Driver/Src/stm32f4xx_hal_uart.c.obj
 .debug_line    0x0000b902      0x80f CMakeFiles/Laser_Light_Cue.dir/Core/Src/system_stm32f4xx.c.obj
 .debug_line    0x0000c111       0x7a CMakeFiles/Laser_Light_Cue.dir/startup_stm32f446xx.s.obj

.debug_str      0x00000000    0xcb266
 .debug_str     0x00000000    0xc8a28 CMakeFiles/Laser_Light_Cue.dir/Core/Src/main.c.obj
                              0xc8d57 (size before relaxing)
 .debug_str     0x000c8a28      0x11a CMakeFiles/Laser_Light_Cue.dir/Core/Src/ICM20948.c.obj
                              0xc88a9 (size before relaxing)
 .debug_str     0x000c8b42      0x108 CMakeFiles/Laser_Light_Cue.dir/Core/Src/stm32f4xx_it.c.obj
                              0xc3a77 (size before relaxing)
 .debug_str     0x000c8c4a       0xcc CMakeFiles/Laser_Light_Cue.dir/Core/Src/stm32f4xx_hal_msp.c.obj
                              0xc41e6 (size before relaxing)
 .debug_str     0x000c8d16      0x5e7 CMakeFiles/Laser_Light_Cue.dir/Drivers/STM32F4xx_HAL_Driver/Src/stm32f4xx_hal_spi.c.obj
                              0xc4403 (size before relaxing)
 .debug_str     0x000c92fd      0x2cf CMakeFiles/Laser_Light_Cue.dir/Drivers/STM32F4xx_HAL_Driver/Src/stm32f4xx_hal_rcc.c.obj
                              0xc3f9d (size before relaxing)
 .debug_str     0x000c95cc      0x363 CMakeFiles/Laser_Light_Cue.dir/Drivers/STM32F4xx_HAL_Driver/Src/stm32f4xx_hal_rcc_ex.c.obj
                              0xc3fd0 (size before relaxing)
 .debug_str     0x000c992f      0x160 CMakeFiles/Laser_Light_Cue.dir/Drivers/STM32F4xx_HAL_Driver/Src/stm32f4xx_hal_gpio.c.obj
                              0xc3cdf (size before relaxing)
 .debug_str     0x000c9a8f      0x1c0 CMakeFiles/Laser_Light_Cue.dir/Drivers/STM32F4xx_HAL_Driver/Src/stm32f4xx_hal_pwr_ex.c.obj
                              0xc3d3c (size before relaxing)
 .debug_str     0x000c9c4f      0x909 CMakeFiles/Laser_Light_Cue.dir/Drivers/STM32F4xx_HAL_Driver/Src/stm32f4xx_hal_cortex.c.obj
                              0xc444e (size before relaxing)
 .debug_str     0x000ca558      0x5b3 CMakeFiles/Laser_Light_Cue.dir/Drivers/STM32F4xx_HAL_Driver/Src/stm32f4xx_hal.c.obj
                              0xc4729 (size before relaxing)
 .debug_str     0x000cab0b      0x65e CMakeFiles/Laser_Light_Cue.dir/Drivers/STM32F4xx_HAL_Driver/Src/stm32f4xx_hal_uart.c.obj
                              0xc4554 (size before relaxing)
 .debug_str     0x000cb169       0x89 CMakeFiles/Laser_Light_Cue.dir/Core/Src/system_stm32f4xx.c.obj
                              0xc3b64 (size before relaxing)
 .debug_str     0x000cb1f2       0x74 CMakeFiles/Laser_Light_Cue.dir/startup_stm32f446xx.s.obj
                                 0xc2 (size before relaxing)

.comment        0x00000000       0x43
 .comment       0x00000000       0x43 CMakeFiles/Laser_Light_Cue.dir/Core/Src/main.c.obj
                                 0x44 (size before relaxing)
 .comment       0x00000043       0x44 CMakeFiles/Laser_Light_Cue.dir/Core/Src/ICM20948.c.obj
 .comment       0x00000043       0x44 CMakeFiles/Laser_Light_Cue.dir/Core/Src/stm32f4xx_it.c.obj
 .comment       0x00000043       0x44 CMakeFiles/Laser_Light_Cue.dir/Core/Src/stm32f4xx_hal_msp.c.obj
 .comment       0x00000043       0x44 CMakeFiles/Laser_Light_Cue.dir/Drivers/STM32F4xx_HAL_Driver/Src/stm32f4xx_hal_spi.c.obj
 .comment       0x00000043       0x44 CMakeFiles/Laser_Light_Cue.dir/Drivers/STM32F4xx_HAL_Driver/Src/stm32f4xx_hal_rcc.c.obj
 .comment       0x00000043       0x44 CMakeFiles/Laser_Light_Cue.dir/Drivers/STM32F4xx_HAL_Driver/Src/stm32f4xx_hal_rcc_ex.c.obj
 .comment       0x00000043       0x44 CMakeFiles/Laser_Light_Cue.dir/Drivers/STM32F4xx_HAL_Driver/Src/stm32f4xx_hal_gpio.c.obj
 .comment       0x00000043       0x44 CMakeFiles/Laser_Light_Cue.dir/Drivers/STM32F4xx_HAL_Driver/Src/stm32f4xx_hal_pwr_ex.c.obj
 .comment       0x00000043       0x44 CMakeFiles/Laser_Light_Cue.dir/Drivers/STM32F4xx_HAL_Driver/Src/stm32f4xx_hal_cortex.c.obj
 .comment       0x00000043       0x44 CMakeFiles/Laser_Light_Cue.dir/Drivers/STM32F4xx_HAL_Driver/Src/stm32f4xx_hal.c.obj
 .comment       0x00000043       0x44 CMakeFiles/Laser_Light_Cue.dir/Drivers/STM32F4xx_HAL_Driver/Src/stm32f4xx_hal_uart.c.obj
 .comment       0x00000043       0x44 CMakeFiles/Laser_Light_Cue.dir/Core/Src/system_stm32f4xx.c.obj

.debug_line_str
                0x00000000       0xa6
 .debug_line_str
                0x00000000       0xa6 CMakeFiles/Laser_Light_Cue.dir/startup_stm32f446xx.s.obj
