../Core/Src/ICM20948.c:3:20:CS_ACTIVATE	8	static
../Core/Src/ICM20948.c:8:20:CS_DEACTIVATE	8	static
../Core/Src/ICM20948.c:17:6:SPI_WriteByte	24	static
../Core/Src/ICM20948.c:25:6:SPI_ReadByte	24	static
../Core/Src/ICM20948.c:34:6:USER_BANK_SELECTION	24	static
../Core/Src/ICM20948.c:42:6:SPI_WriteRegisters	24	static
../Core/Src/ICM20948.c:51:6:SPI_ReadRegisters	24	static
../Core/Src/ICM20948.c:61:6:WHO_AM_I_CHECK	24	static
../Core/Src/ICM20948.c:68:6:ICM20948_Read	40	static
../Core/Src/ICM20948.c:121:6:ICM20948_Init	32	static
