../Core/Src/main.c:93:5:main	8	static
../Core/Src/main.c:152:6:SystemClock_Config	88	static
../Core/Src/main.c:199:13:MX_ADC1_Init	24	static
../Core/Src/main.c:251:13:MX_SPI1_Init	8	static
../Core/Src/main.c:289:13:MX_TIM3_Init	80	static
../Core/Src/main.c:367:13:MX_TIM4_Init	64	static
../Core/Src/main.c:438:13:MX_USART1_UART_Init	8	static
../Core/Src/main.c:471:13:MX_USB_OTG_FS_HCD_Init	8	static
../Core/Src/main.c:502:13:MX_GPIO_Init	48	static
../Core/Src/main.c:560:6:Error_Handler	4	static,ignoring_inline_asm
