../Core/Src/main.c:108:5:main	16	static
../Core/Src/main.c:191:6:SystemClock_Config	88	static
../Core/Src/main.c:238:13:MX_ADC1_Init	24	static
../Core/Src/main.c:299:13:MX_SPI1_Init	8	static
../Core/Src/main.c:337:13:MX_TIM3_Init	64	static
../Core/Src/main.c:408:13:MX_TIM4_Init	64	static
../Core/Src/main.c:479:13:MX_USB_OTG_FS_HCD_Init	8	static
../Core/Src/main.c:508:13:MX_DMA_Init	16	static
../Core/Src/main.c:526:13:MX_GPIO_Init	48	static
../Core/Src/main.c:586:6:Error_Handler	4	static,ignoring_inline_asm
