../Core/Src/NRF24L01.c:12:20:NRF24_SELECT	8	static
../Core/Src/NRF24L01.c:17:20:NRF24_UNSELECT	8	static
../Core/Src/NRF24L01.c:22:20:NRF24_ENABLE	8	static
../Core/Src/NRF24L01.c:27:20:NRF24_DISABLE	8	static
../Core/Src/NRF24L01.c:32:6:SPI_Write_Byte	24	static
../Core/Src/NRF24L01.c:42:6:SPI_Write_MultiByte	32	static
../Core/Src/NRF24L01.c:52:9:SPI_Read_Byte	32	static
../Core/Src/NRF24L01.c:63:6:SPI_Read_MultiByte	32	static
../Core/Src/NRF24L01.c:73:6:NRF24L01_SEND_CMD	16	static
../Core/Src/NRF24L01.c:88:6:NRF24_FLUSH_RX	24	static
../Core/Src/NRF24L01.c:102:6:NRF24_FLUSH_TX	24	static
../Core/Src/NRF24L01.c:107:13:NRF24_Reset	16	static
../Core/Src/NRF24L01.c:134:6:NRF24_Select_Channel	16	static
../Core/Src/NRF24L01.c:149:6:NRF24_Rx_Mode	32	static
../Core/Src/NRF24L01.c:230:6:NRF24_Tx_Mode	24	static
../Core/Src/NRF24L01.c:264:6:NRF24_CHECK_DATA_AVAILABLE	24	static
../Core/Src/NRF24L01.c:288:6:NRF24_SET_PA	24	static
../Core/Src/NRF24L01.c:295:6:NRF24_DataRate	24	static
../Core/Src/NRF24L01.c:303:6:NRF24_Retries	24	static
../Core/Src/NRF24L01.c:310:6:NRF24_PAYLOADSIZE	16	static
../Core/Src/NRF24L01.c:319:6:NRF24_Init	24	static
../Core/Src/NRF24L01.c:380:6:NRF24_Transmit	24	static
../Core/Src/NRF24L01.c:416:6:NRF24_Receive	24	static
