20:37:18 **** Incremental Build of configuration Debug for project Cueing-Laser-IDE ****
make -j16 all 
arm-none-eabi-gcc "../Core/Src/main.c" -mcpu=cortex-m4 -std=gnu11 -g3 -DDEBUG -DUSE_HAL_DRIVER -DSTM32F446xx -c -I../Core/Inc -I../Drivers/STM32F4xx_HAL_Driver/Inc -I../Drivers/STM32F4xx_HAL_Driver/Inc/Legacy -I../Drivers/CMSIS/Device/ST/STM32F4xx/Include -I../Drivers/CMSIS/Include -O0 -ffunction-sections -fdata-sections -Wall -fstack-usage -fcyclomatic-complexity -MMD -MP -MF"Core/Src/main.d" -MT"Core/Src/main.o" --specs=nano.specs -mfpu=fpv4-sp-d16 -mfloat-abi=hard -mthumb -o "Core/Src/main.o"
In file included from ../Core/Src/main.c:32:
../Core/Inc/NRF24L01.h:149: warning: "TX_FULL" redefined
  149 | #define TX_FULL                                         0x05U
      | 
../Core/Inc/NRF24L01.h:105: note: this is the location of the previous definition
  105 | #define TX_FULL                                         0x00U
      | 
arm-none-eabi-gcc -o "Cueing-Laser-IDE.elf" @"objects.list"   -mcpu=cortex-m4 -T"C:\Users\pc\Documents\Lazer-light-cueing\Firmware\Cueing-Laser-IDE\STM32F446RETX_FLASH.ld" --specs=nosys.specs -Wl,-Map="Cueing-Laser-IDE.map" -Wl,--gc-sections -static -u_printf_float --specs=nano.specs -mfpu=fpv4-sp-d16 -mfloat-abi=hard -mthumb -Wl,--start-group -lc -lm -Wl,--end-group
Finished building target: Cueing-Laser-IDE.elf
 
arm-none-eabi-size  Cueing-Laser-IDE.elf 
arm-none-eabi-objdump -h -S Cueing-Laser-IDE.elf  > "Cueing-Laser-IDE.list"
   text	   data	    bss	    dec	    hex	filename
  33504	    488	   2336	  36328	   8de8	Cueing-Laser-IDE.elf
Finished building: default.size.stdout
 
Finished building: Cueing-Laser-IDE.list
 

20:37:19 Build Finished. 0 errors, 1 warnings. (took 849ms)

