20:07:22 **** Incremental Build of configuration Debug for project Cueing-Laser-IDE ****
make -j16 all 
arm-none-eabi-gcc "../Core/Src/ICM20948.c" -mcpu=cortex-m4 -std=gnu11 -g3 -DDEBUG -DUSE_HAL_DRIVER -DSTM32F446xx -c -I../Core/Inc -I../Drivers/STM32F4xx_HAL_Driver/Inc -I../Drivers/STM32F4xx_HAL_Driver/Inc/Legacy -I../Drivers/CMSIS/Device/ST/STM32F4xx/Include -I../Drivers/CMSIS/Include -O0 -ffunction-sections -fdata-sections -Wall -fstack-usage -fcyclomatic-complexity -MMD -MP -MF"Core/Src/ICM20948.d" -MT"Core/Src/ICM20948.o" --specs=nano.specs -mfpu=fpv4-sp-d16 -mfloat-abi=hard -mthumb -o "Core/Src/ICM20948.o"
../Core/Src/ICM20948.c: In function 'ICM20948_Read':
../Core/Src/ICM20948.c:142:1: warning: control reaches end of non-void function [-Wreturn-type]
  142 | }
      | ^
arm-none-eabi-gcc -o "Cueing-Laser-IDE.elf" @"objects.list"   -mcpu=cortex-m4 -T"C:\Users\pc\Documents\Lazer-light-cueing\Firmware\Cueing-Laser-IDE\STM32F446RETX_FLASH.ld" --specs=nosys.specs -Wl,-Map="Cueing-Laser-IDE.map" -Wl,--gc-sections -static -u_printf_float --specs=nano.specs -mfpu=fpv4-sp-d16 -mfloat-abi=hard -mthumb -Wl,--start-group -lc -lm -Wl,--end-group
Finished building target: Cueing-Laser-IDE.elf
 
arm-none-eabi-size  Cueing-Laser-IDE.elf 
arm-none-eabi-objdump -h -S Cueing-Laser-IDE.elf  > "Cueing-Laser-IDE.list"
   text	   data	    bss	    dec	    hex	filename
  28736	    468	   2152	  31356	   7a7c	Cueing-Laser-IDE.elf
Finished building: default.size.stdout
 
Finished building: Cueing-Laser-IDE.list
 
20:07:26 **** Incremental Build of configuration Debug for project Cueing-Laser-IDE ****
make -j16 all 
arm-none-eabi-size  Cueing-Laser-IDE.elf 
   text	   data	    bss	    dec	    hex	filename
  28736	    468	   2152	  31356	   7a7c	Cueing-Laser-IDE.elf
Finished building: default.size.stdout
 
20:08:07 **** Incremental Build of configuration Debug for project Cueing-Laser-IDE ****
make -j16 all 
arm-none-eabi-gcc "../Core/Src/ICM20948.c" -mcpu=cortex-m4 -std=gnu11 -g3 -DDEBUG -DUSE_HAL_DRIVER -DSTM32F446xx -c -I../Core/Inc -I../Drivers/STM32F4xx_HAL_Driver/Inc -I../Drivers/STM32F4xx_HAL_Driver/Inc/Legacy -I../Drivers/CMSIS/Device/ST/STM32F4xx/Include -I../Drivers/CMSIS/Include -O0 -ffunction-sections -fdata-sections -Wall -fstack-usage -fcyclomatic-complexity -MMD -MP -MF"Core/Src/ICM20948.d" -MT"Core/Src/ICM20948.o" --specs=nano.specs -mfpu=fpv4-sp-d16 -mfloat-abi=hard -mthumb -o "Core/Src/ICM20948.o"
../Core/Src/ICM20948.c: In function 'ICM20948_Read':
../Core/Src/ICM20948.c:143:1: warning: control reaches end of non-void function [-Wreturn-type]
  143 | }
      | ^
arm-none-eabi-gcc -o "Cueing-Laser-IDE.elf" @"objects.list"   -mcpu=cortex-m4 -T"C:\Users\pc\Documents\Lazer-light-cueing\Firmware\Cueing-Laser-IDE\STM32F446RETX_FLASH.ld" --specs=nosys.specs -Wl,-Map="Cueing-Laser-IDE.map" -Wl,--gc-sections -static -u_printf_float --specs=nano.specs -mfpu=fpv4-sp-d16 -mfloat-abi=hard -mthumb -Wl,--start-group -lc -lm -Wl,--end-group
Finished building target: Cueing-Laser-IDE.elf
 
arm-none-eabi-size  Cueing-Laser-IDE.elf 
arm-none-eabi-objdump -h -S Cueing-Laser-IDE.elf  > "Cueing-Laser-IDE.list"
   text	   data	    bss	    dec	    hex	filename
  28752	    468	   2152	  31372	   7a8c	Cueing-Laser-IDE.elf
Finished building: default.size.stdout
 
Finished building: Cueing-Laser-IDE.list
 
20:10:09 **** Incremental Build of configuration Debug for project Cueing-Laser-IDE ****
make -j16 all 
arm-none-eabi-size  Cueing-Laser-IDE.elf 
   text	   data	    bss	    dec	    hex	filename
  28752	    468	   2152	  31372	   7a8c	Cueing-Laser-IDE.elf
Finished building: default.size.stdout
 
