16:13:56 **** Incremental Build of configuration Debug for project Cueing-Laser-IDE ****
make -j16 all 
arm-none-eabi-gcc "../Core/Src/ICM20948.c" -mcpu=cortex-m4 -std=gnu11 -g3 -DDEBUG -DUSE_HAL_DRIVER -DSTM32F446xx -c -I../Core/Inc -I../Drivers/STM32F4xx_HAL_Driver/Inc -I../Drivers/STM32F4xx_HAL_Driver/Inc/Legacy -I../Drivers/CMSIS/Device/ST/STM32F4xx/Include -I../Drivers/CMSIS/Include -O0 -ffunction-sections -fdata-sections -Wall -fstack-usage -fcyclomatic-complexity -MMD -MP -MF"Core/Src/ICM20948.d" -MT"Core/Src/ICM20948.o" --specs=nano.specs -mfpu=fpv4-sp-d16 -mfloat-abi=hard -mthumb -o "Core/Src/ICM20948.o"
../Core/Src/ICM20948.c: In function 'SPI_WriteRegisters':
../Core/Src/ICM20948.c:36:5: warning: implicit declaration of function 'USER_BANK_SELECTION' [-Wimplicit-function-declaration]
   36 |     USER_BANK_SELECTION(SPIx, user_bank);
      |     ^~~~~~~~~~~~~~~~~~~
../Core/Src/ICM20948.c: At top level:
../Core/Src/ICM20948.c:52:6: warning: conflicting types for 'USER_BANK_SELECTION'; have 'void(SPI_HandleTypeDef *, uint8_t)' {aka 'void(struct __SPI_HandleTypeDef *, unsigned char)'}
   52 | void USER_BANK_SELECTION(SPI_HandleTypeDef *SPIx, uint8_t USER_BANK_SELECT)
      |      ^~~~~~~~~~~~~~~~~~~
../Core/Src/ICM20948.c:36:5: note: previous implicit declaration of 'USER_BANK_SELECTION' with type 'void(SPI_HandleTypeDef *, uint8_t)' {aka 'void(struct __SPI_HandleTypeDef *, unsigned char)'}
   36 |     USER_BANK_SELECTION(SPIx, user_bank);
      |     ^~~~~~~~~~~~~~~~~~~
arm-none-eabi-gcc -o "Cueing-Laser-IDE.elf" @"objects.list"   -mcpu=cortex-m4 -T"C:\Users\pc\Documents\Lazer-light-cueing\Firmware\Cueing-Laser-IDE\STM32F446RETX_FLASH.ld" --specs=nosys.specs -Wl,-Map="Cueing-Laser-IDE.map" -Wl,--gc-sections -static --specs=nano.specs -mfpu=fpv4-sp-d16 -mfloat-abi=hard -mthumb -Wl,--start-group -lc -lm -Wl,--end-group
Finished building target: Cueing-Laser-IDE.elf
 
arm-none-eabi-size  Cueing-Laser-IDE.elf 
arm-none-eabi-objdump -h -S Cueing-Laser-IDE.elf  > "Cueing-Laser-IDE.list"
   text	   data	    bss	    dec	    hex	filename
  12172	     12	   1732	  13916	   365c	Cueing-Laser-IDE.elf
Finished building: default.size.stdout
 
Finished building: Cueing-Laser-IDE.list
 
16:13:59 **** Incremental Build of configuration Debug for project Cueing-Laser-IDE ****
make -j16 all 
arm-none-eabi-size  Cueing-Laser-IDE.elf 
   text	   data	    bss	    dec	    hex	filename
  12172	     12	   1732	  13916	   365c	Cueing-Laser-IDE.elf
Finished building: default.size.stdout
 
